{"timestamp":"2026-05-23T20:50:16.555804Z","level":"info","event":"Filling up the DagBag from /opt/airflow/dags/Bronze_To_Silver.py","logger":"airflow.dag_processing.dagbag.BundleDagBag","filename":"dagbag.py","lineno":469}
{"timestamp":"2026-05-23T20:50:17.376705Z","level":"error","event":"Setting default log level to \"WARN\".","logger":"task.stderr"}
{"timestamp":"2026-05-23T20:50:17.377132Z","level":"error","event":"To adjust logging level use sc.setLogLevel(newLevel). For SparkR, use setLogLevel(newLevel).","logger":"task.stderr"}
{"timestamp":"2026-05-23T20:50:17.493347Z","level":"error","event":"26/05/23 20:50:17 WARN NativeCodeLoader: Unable to load native-hadoop library for your platform... using builtin-java classes where applicable","logger":"task.stderr"}
{"timestamp":"2026-05-23T20:50:18.148155Z","level":"warning","event":"The `airflow.operators.python.PythonOperator` attribute is deprecated. Please use `'airflow.providers.standard.operators.python.PythonOperator'`.","category":"UserWarning","filename":"/opt/airflow/dags/Bronze_To_Silver.py","lineno":5,"logger":"py.warnings"}
{"timestamp":"2026-05-23T20:50:49.240748Z","level":"info","event":"Filling up the DagBag from /opt/airflow/dags/Bronze_To_Silver.py","logger":"airflow.dag_processing.dagbag.BundleDagBag","filename":"dagbag.py","lineno":469}
{"timestamp":"2026-05-23T20:50:49.954494Z","level":"error","event":"Setting default log level to \"WARN\".","logger":"task.stderr"}
{"timestamp":"2026-05-23T20:50:49.954749Z","level":"error","event":"To adjust logging level use sc.setLogLevel(newLevel). For SparkR, use setLogLevel(newLevel).","logger":"task.stderr"}
{"timestamp":"2026-05-23T20:50:50.106113Z","level":"error","event":"26/05/23 20:50:50 WARN NativeCodeLoader: Unable to load native-hadoop library for your platform... using builtin-java classes where applicable","logger":"task.stderr"}
{"timestamp":"2026-05-23T20:50:50.539115Z","level":"warning","event":"The `airflow.operators.python.PythonOperator` attribute is deprecated. Please use `'airflow.providers.standard.operators.python.PythonOperator'`.","category":"UserWarning","filename":"/opt/airflow/dags/Bronze_To_Silver.py","lineno":5,"logger":"py.warnings"}
{"timestamp":"2026-05-23T20:51:21.346823Z","level":"info","event":"Filling up the DagBag from /opt/airflow/dags/Bronze_To_Silver.py","logger":"airflow.dag_processing.dagbag.BundleDagBag","filename":"dagbag.py","lineno":469}
{"timestamp":"2026-05-23T20:51:22.037743Z","level":"error","event":"Setting default log level to \"WARN\".","logger":"task.stderr"}
{"timestamp":"2026-05-23T20:51:22.038072Z","level":"error","event":"To adjust logging level use sc.setLogLevel(newLevel). For SparkR, use setLogLevel(newLevel).","logger":"task.stderr"}
{"timestamp":"2026-05-23T20:51:22.201601Z","level":"error","event":"26/05/23 20:51:22 WARN NativeCodeLoader: Unable to load native-hadoop library for your platform... using builtin-java classes where applicable","logger":"task.stderr"}
{"timestamp":"2026-05-23T20:51:22.636171Z","level":"warning","event":"The `airflow.operators.python.PythonOperator` attribute is deprecated. Please use `'airflow.providers.standard.operators.python.PythonOperator'`.","category":"UserWarning","filename":"/opt/airflow/dags/Bronze_To_Silver.py","lineno":5,"logger":"py.warnings"}
{"timestamp":"2026-05-23T20:51:53.188047Z","level":"info","event":"Filling up the DagBag from /opt/airflow/dags/Bronze_To_Silver.py","logger":"airflow.dag_processing.dagbag.BundleDagBag","filename":"dagbag.py","lineno":469}
{"timestamp":"2026-05-23T20:51:53.974986Z","level":"error","event":"Setting default log level to \"WARN\".","logger":"task.stderr"}
{"timestamp":"2026-05-23T20:51:53.975392Z","level":"error","event":"To adjust logging level use sc.setLogLevel(newLevel). For SparkR, use setLogLevel(newLevel).","logger":"task.stderr"}
{"timestamp":"2026-05-23T20:51:54.051943Z","level":"error","event":"26/05/23 20:51:54 WARN NativeCodeLoader: Unable to load native-hadoop library for your platform... using builtin-java classes where applicable","logger":"task.stderr"}
{"timestamp":"2026-05-23T20:51:54.553744Z","level":"warning","event":"The `airflow.operators.python.PythonOperator` attribute is deprecated. Please use `'airflow.providers.standard.operators.python.PythonOperator'`.","category":"UserWarning","filename":"/opt/airflow/dags/Bronze_To_Silver.py","lineno":5,"logger":"py.warnings"}
